// Jest Snapshot v1, https://goo.gl/fbAQLP

exports[`<Switcher  /> should match snapshot 1`] = `
<div
  class=""
>
  <button
    aria-checked="true"
    class="ant-switch ant-switch-checked"
    role="switch"
    type="button"
  >
    <div
      class="ant-switch-handle"
    />
    <span
      class="ant-switch-inner"
    >
      vi
    </span>
  </button>
</div>
`;
